2026-09-30 04:11:57,019 - INFO - Found 4 config file(s)
2026-09-30 04:11:57,019 - INFO - 
======================================================================
2026-09-30 04:11:57,019 - INFO - Processing config file: kcix.toml
2026-09-30 04:11:57,019 - INFO - ======================================================================
2026-09-30 04:11:57,019 - INFO - Found 2 enabled section(s)
2026-09-30 04:11:57,019 - INFO - 
Processing: DOWNSTREAM_PREFIX_AS204539_IPV4
2026-09-30 04:11:57,019 - INFO -   AS Number: AS-AXIC
2026-09-30 04:11:57,020 - INFO -   IPv6: False
2026-09-30 04:11:57,020 - INFO - Executing command: bgpq4 -b -l define DOWNSTREAM_PREFIX_AS204539_IPV4 AS-AXIC
2026-09-30 04:11:57,676 - INFO - Saved to: /__w/BGP-Auto/BGP-Auto/output/kcix/filters/DOWNSTREAM_PREFIX_AS204539_IPV4.conf
2026-09-30 04:11:57,676 - INFO - 
Processing: DOWNSTREAM_PREFIX_AS204539_IPV46
2026-09-30 04:11:57,676 - INFO -   AS Number: AS-AXIC
2026-09-30 04:11:57,676 - INFO -   IPv6: True
2026-09-30 04:11:57,676 - INFO - Executing command: bgpq4 -6 -b -l define DOWNSTREAM_PREFIX_AS204539_IPV46 AS-AXIC
2026-09-30 04:11:58,384 - INFO - Saved to: /__w/BGP-Auto/BGP-Auto/output/kcix/filters/DOWNSTREAM_PREFIX_AS204539_IPV46.conf
2026-09-30 04:11:58,384 - INFO - 
Merging 2 file(s)...
2026-09-30 04:11:58,384 - INFO - Merged to: /__w/BGP-Auto/BGP-Auto/output/kcix/filtersprefix.conf
2026-09-30 04:11:58,385 - INFO - ✓ Config file kcix.toml processed successfully
2026-09-30 04:11:58,385 - INFO - 
Generating HTML report...
2026-09-30 04:11:58,387 - INFO - HTML detail page saved to: /__w/BGP-Auto/BGP-Auto/html/kcix_detail.html
2026-09-30 04:11:58,387 - INFO - 
Generating route change diffs...
2026-09-30 04:11:58,392 - WARNING - Failed to get git history for /__w/BGP-Auto/BGP-Auto/output/kcix/filters/DOWNSTREAM_PREFIX_AS204539_IPV4.conf: Command '['git', 'log', '-5', '--pretty=format:%H|%ai|%an|%s', '--', 'output/kcix/filters/DOWNSTREAM_PREFIX_AS204539_IPV4.conf']' returned non-zero exit status 128.
2026-09-30 04:11:58,404 - WARNING - Failed to get git history for /__w/BGP-Auto/BGP-Auto/output/kcix/filters/DOWNSTREAM_PREFIX_AS204539_IPV46.conf: Command '['git', 'log', '-5', '--pretty=format:%H|%ai|%an|%s', '--', 'output/kcix/filters/DOWNSTREAM_PREFIX_AS204539_IPV46.conf']' returned non-zero exit status 128.
2026-09-30 04:11:58,418 - WARNING - Failed to get git history for /__w/BGP-Auto/BGP-Auto/output/kcix/filtersprefix.conf: Command '['git', 'log', '-5', '--pretty=format:%H|%ai|%an|%s', '--', 'output/kcix/filtersprefix.conf']' returned non-zero exit status 128.
2026-09-30 04:11:58,418 - INFO - No git history found for kcix, skipping diff generation
2026-09-30 04:11:58,419 - INFO - 
======================================================================
2026-09-30 04:11:58,419 - INFO - Processing config file: as-pysio.toml
2026-09-30 04:11:58,419 - INFO - ======================================================================
2026-09-30 04:11:58,419 - INFO - Found 2 enabled section(s)
2026-09-30 04:11:58,419 - INFO - 
Processing: DOWNSTREAM_PREFIX_AS_PYSIO_IPV6
2026-09-30 04:11:58,419 - INFO -   AS Number: AS-PYSIO
2026-09-30 04:11:58,419 - INFO -   IPv6: True
2026-09-30 04:11:58,419 - INFO - Executing command: bgpq4 -6 -b -l define DOWNSTREAM_PREFIX_AS_PYSIO_IPV6 AS-PYSIO
2026-09-30 04:11:59,220 - INFO - Saved to: /__w/BGP-Auto/BGP-Auto/output/as-pysio/filters/DOWNSTREAM_PREFIX_AS_PYSIO_IPV6.conf
2026-09-30 04:11:59,220 - INFO - 
Processing: DOWNSTREAM_PREFIX_AS_PYSIO_IPV4
2026-09-30 04:11:59,220 - INFO -   AS Number: AS-PYSIO
2026-09-30 04:11:59,220 - INFO -   IPv6: False
2026-09-30 04:11:59,220 - INFO - Executing command: bgpq4 -b -l define DOWNSTREAM_PREFIX_AS_PYSIO_IPV4 AS-PYSIO
2026-09-30 04:11:59,794 - INFO - Saved to: /__w/BGP-Auto/BGP-Auto/output/as-pysio/filters/DOWNSTREAM_PREFIX_AS_PYSIO_IPV4.conf
2026-09-30 04:11:59,795 - INFO - 
Merging 2 file(s)...
2026-09-30 04:11:59,795 - INFO - Merged to: /__w/BGP-Auto/BGP-Auto/output/as-pysio/filtersprefix.conf
2026-09-30 04:11:59,795 - INFO - ✓ Config file as-pysio.toml processed successfully
2026-09-30 04:11:59,795 - INFO - 
Generating HTML report...
2026-09-30 04:11:59,797 - INFO - HTML detail page saved to: /__w/BGP-Auto/BGP-Auto/html/as-pysio_detail.html
2026-09-30 04:11:59,797 - INFO - 
Generating route change diffs...
2026-09-30 04:11:59,812 - WARNING - Failed to get git history for /__w/BGP-Auto/BGP-Auto/output/as-pysio/filters/DOWNSTREAM_PREFIX_AS_PYSIO_IPV6.conf: Command '['git', 'log', '-5', '--pretty=format:%H|%ai|%an|%s', '--', 'output/as-pysio/filters/DOWNSTREAM_PREFIX_AS_PYSIO_IPV6.conf']' returned non-zero exit status 128.
2026-09-30 04:11:59,817 - WARNING - Failed to get git history for /__w/BGP-Auto/BGP-Auto/output/as-pysio/filters/DOWNSTREAM_PREFIX_AS_PYSIO_IPV4.conf: Command '['git', 'log', '-5', '--pretty=format:%H|%ai|%an|%s', '--', 'output/as-pysio/filters/DOWNSTREAM_PREFIX_AS_PYSIO_IPV4.conf']' returned non-zero exit status 128.
2026-09-30 04:11:59,834 - WARNING - Failed to get git history for /__w/BGP-Auto/BGP-Auto/output/as-pysio/filtersprefix.conf: Command '['git', 'log', '-5', '--pretty=format:%H|%ai|%an|%s', '--', 'output/as-pysio/filtersprefix.conf']' returned non-zero exit status 128.
2026-09-30 04:11:59,834 - INFO - No git history found for as-pysio, skipping diff generation
2026-09-30 04:11:59,835 - INFO - 
======================================================================
2026-09-30 04:11:59,835 - INFO - Processing config file: china3c.toml
2026-09-30 04:11:59,835 - INFO - ======================================================================
2026-09-30 04:11:59,835 - INFO - Found 7 enabled section(s)
2026-09-30 04:11:59,835 - INFO - 
Processing: CM_IPV6
2026-09-30 04:11:59,835 - INFO -   AS Number: AS9808
2026-09-30 04:11:59,835 - INFO -   IPv6: True
2026-09-30 04:11:59,835 - INFO - Executing command: bgpq4 -6 -b -l define CM_IPV6 AS9808
2026-09-30 04:12:00,476 - INFO - Saved to: /__w/BGP-Auto/BGP-Auto/output/china3c/filters/CM_IPV6.conf
2026-09-30 04:12:00,476 - INFO - 
Processing: CM_IPV4
2026-09-30 04:12:00,476 - INFO -   AS Number: AS9808
2026-09-30 04:12:00,476 - INFO -   IPv6: False
2026-09-30 04:12:00,476 - INFO - Executing command: bgpq4 -b -l define CM_IPV4 AS9808
2026-09-30 04:12:01,189 - INFO - Saved to: /__w/BGP-Auto/BGP-Auto/output/china3c/filters/CM_IPV4.conf
2026-09-30 04:12:01,189 - INFO - 
Processing: CT_IPV4
2026-09-30 04:12:01,189 - INFO -   AS Number: AS4134
2026-09-30 04:12:01,190 - INFO -   IPv6: False
2026-09-30 04:12:01,190 - INFO - Executing command: bgpq4 -b -l define CT_IPV4 AS4134
2026-09-30 04:12:01,759 - INFO - Saved to: /__w/BGP-Auto/BGP-Auto/output/china3c/filters/CT_IPV4.conf
2026-09-30 04:12:01,759 - INFO - 
Processing: CT_IPV6
2026-09-30 04:12:01,759 - INFO -   AS Number: AS4134
2026-09-30 04:12:01,759 - INFO -   IPv6: True
2026-09-30 04:12:01,759 - INFO - Executing command: bgpq4 -6 -b -l define CT_IPV6 AS4134
2026-09-30 04:12:02,304 - INFO - Saved to: /__w/BGP-Auto/BGP-Auto/output/china3c/filters/CT_IPV6.conf
2026-09-30 04:12:02,304 - INFO - 
Processing: CU_IPV4
2026-09-30 04:12:02,304 - INFO -   AS Number: AS4837
2026-09-30 04:12:02,304 - INFO -   IPv6: False
2026-09-30 04:12:02,304 - INFO - Executing command: bgpq4 -b -l define CU_IPV4 AS4837
2026-09-30 04:12:02,788 - INFO - Saved to: /__w/BGP-Auto/BGP-Auto/output/china3c/filters/CU_IPV4.conf
2026-09-30 04:12:02,789 - INFO - 
Processing: CU_IPV6
2026-09-30 04:12:02,789 - INFO -   AS Number: AS4837
2026-09-30 04:12:02,789 - INFO -   IPv6: True
2026-09-30 04:12:02,789 - INFO - Executing command: bgpq4 -6 -b -l define CU_IPV6 AS4837
2026-09-30 04:12:03,229 - INFO - Saved to: /__w/BGP-Auto/BGP-Auto/output/china3c/filters/CU_IPV6.conf
2026-09-30 04:12:03,229 - INFO - 
Processing: ALL
2026-09-30 04:12:03,229 - INFO -   IPv6 List: REJECTED_PREFIXES_V6
2026-09-30 04:12:03,229 - INFO -   IPv4 List: REJECTED_PREFIXES_V4
2026-09-30 04:12:03,273 - INFO - Saved to: /__w/BGP-Auto/BGP-Auto/output/china3c/all.conf
2026-09-30 04:12:03,274 - INFO - 
Merging 6 file(s)...
2026-09-30 04:12:03,275 - INFO - Merged to: /__w/BGP-Auto/BGP-Auto/output/china3c/filtersprefix.conf
2026-09-30 04:12:03,275 - INFO - ✓ Config file china3c.toml processed successfully
2026-09-30 04:12:03,275 - INFO - 
Generating HTML report...
2026-09-30 04:12:03,278 - INFO - HTML detail page saved to: /__w/BGP-Auto/BGP-Auto/html/china3c_detail.html
2026-09-30 04:12:03,278 - INFO - 
Generating route change diffs...
2026-09-30 04:12:03,288 - WARNING - Failed to get git history for /__w/BGP-Auto/BGP-Auto/output/china3c/filters/CM_IPV6.conf: Command '['git', 'log', '-5', '--pretty=format:%H|%ai|%an|%s', '--', 'output/china3c/filters/CM_IPV6.conf']' returned non-zero exit status 128.
2026-09-30 04:12:03,307 - WARNING - Failed to get git history for /__w/BGP-Auto/BGP-Auto/output/china3c/filters/CM_IPV4.conf: Command '['git', 'log', '-5', '--pretty=format:%H|%ai|%an|%s', '--', 'output/china3c/filters/CM_IPV4.conf']' returned non-zero exit status 128.
2026-09-30 04:12:03,313 - WARNING - Failed to get git history for /__w/BGP-Auto/BGP-Auto/output/china3c/filters/CT_IPV4.conf: Command '['git', 'log', '-5', '--pretty=format:%H|%ai|%an|%s', '--', 'output/china3c/filters/CT_IPV4.conf']' returned non-zero exit status 128.
2026-09-30 04:12:03,319 - WARNING - Failed to get git history for /__w/BGP-Auto/BGP-Auto/output/china3c/filters/CT_IPV6.conf: Command '['git', 'log', '-5', '--pretty=format:%H|%ai|%an|%s', '--', 'output/china3c/filters/CT_IPV6.conf']' returned non-zero exit status 128.
2026-09-30 04:12:03,324 - WARNING - Failed to get git history for /__w/BGP-Auto/BGP-Auto/output/china3c/filters/CU_IPV4.conf: Command '['git', 'log', '-5', '--pretty=format:%H|%ai|%an|%s', '--', 'output/china3c/filters/CU_IPV4.conf']' returned non-zero exit status 128.
2026-09-30 04:12:03,327 - WARNING - Failed to get git history for /__w/BGP-Auto/BGP-Auto/output/china3c/filters/CU_IPV6.conf: Command '['git', 'log', '-5', '--pretty=format:%H|%ai|%an|%s', '--', 'output/china3c/filters/CU_IPV6.conf']' returned non-zero exit status 128.
2026-09-30 04:12:03,362 - WARNING - Failed to get git history for /__w/BGP-Auto/BGP-Auto/output/china3c/filtersprefix.conf: Command '['git', 'log', '-5', '--pretty=format:%H|%ai|%an|%s', '--', 'output/china3c/filtersprefix.conf']' returned non-zero exit status 128.
2026-09-30 04:12:03,364 - INFO - No git history found for china3c, skipping diff generation
2026-09-30 04:12:03,366 - INFO - 
======================================================================
2026-09-30 04:12:03,366 - INFO - Processing config file: stuix.toml
2026-09-30 04:12:03,366 - INFO - ======================================================================
2026-09-30 04:12:03,366 - INFO - Found 13 enabled section(s)
2026-09-30 04:12:03,366 - INFO - 
Processing: DOWNSTREAM_PREFIX_AS215172
2026-09-30 04:12:03,367 - INFO -   AS Number: AS-JYL
2026-09-30 04:12:03,367 - INFO -   IPv6: True
2026-09-30 04:12:03,367 - INFO - Executing command: bgpq4 -6 -b -l define DOWNSTREAM_PREFIX_AS215172 AS-JYL
2026-09-30 04:12:04,134 - INFO - Saved to: /__w/BGP-Auto/BGP-Auto/output/stuix/filters/DOWNSTREAM_PREFIX_AS215172.conf
2026-09-30 04:12:04,134 - INFO - 
Processing: DOWNSTREAM_PREFIX_AS215172_IPV4
2026-09-30 04:12:04,134 - INFO -   AS Number: AS-JYL
2026-09-30 04:12:04,134 - INFO -   IPv6: False
2026-09-30 04:12:04,134 - INFO - Executing command: bgpq4 -b -l define DOWNSTREAM_PREFIX_AS215172_IPV4 AS-JYL
2026-09-30 04:12:04,708 - INFO - Saved to: /__w/BGP-Auto/BGP-Auto/output/stuix/filters/DOWNSTREAM_PREFIX_AS215172_IPV4.conf
2026-09-30 04:12:04,708 - INFO - 
Processing: DOWNSTREAM_PREFIX_AS211729
2026-09-30 04:12:04,708 - INFO -   AS Number: AS211729
2026-09-30 04:12:04,708 - INFO -   IPv6: True
2026-09-30 04:12:04,708 - INFO - Executing command: bgpq4 -6 -b -l define DOWNSTREAM_PREFIX_AS211729 AS211729
2026-09-30 04:12:05,148 - INFO - Saved to: /__w/BGP-Auto/BGP-Auto/output/stuix/filters/DOWNSTREAM_PREFIX_AS211729.conf
2026-09-30 04:12:05,149 - INFO - 
Processing: DOWNSTREAM_PREFIX_AS12198
2026-09-30 04:12:05,149 - INFO -   AS Number: AS-JSMSR
2026-09-30 04:12:05,149 - INFO -   IPv6: True
2026-09-30 04:12:05,149 - INFO - Executing command: bgpq4 -6 -b -l define DOWNSTREAM_PREFIX_AS12198 AS-JSMSR
2026-09-30 04:12:05,631 - INFO - Saved to: /__w/BGP-Auto/BGP-Auto/output/stuix/filters/DOWNSTREAM_PREFIX_AS12198.conf
2026-09-30 04:12:05,631 - INFO - 
Processing: DOWNSTREAM_PREFIX_AS210352
2026-09-30 04:12:05,631 - INFO -   AS Number: AS210352
2026-09-30 04:12:05,631 - INFO -   IPv6: True
2026-09-30 04:12:05,631 - INFO - Executing command: bgpq4 -6 -b -l define DOWNSTREAM_PREFIX_AS210352 AS210352
2026-09-30 04:12:06,073 - INFO - Saved to: /__w/BGP-Auto/BGP-Auto/output/stuix/filters/DOWNSTREAM_PREFIX_AS210352.conf
2026-09-30 04:12:06,073 - INFO - 
Processing: DOWNSTREAM_PREFIX_AS204539_IPV4
2026-09-30 04:12:06,073 - INFO -   AS Number: AS-AXIC
2026-09-30 04:12:06,073 - INFO -   IPv6: False
2026-09-30 04:12:06,073 - INFO - Executing command: bgpq4 -b -l define DOWNSTREAM_PREFIX_AS204539_IPV4 AS-AXIC
2026-09-30 04:12:06,620 - INFO - Saved to: /__w/BGP-Auto/BGP-Auto/output/stuix/filters/DOWNSTREAM_PREFIX_AS204539_IPV4.conf
2026-09-30 04:12:06,620 - INFO - 
Processing: DOWNSTREAM_PREFIX_AS204539_IPV46
2026-09-30 04:12:06,620 - INFO -   AS Number: AS-AXIC
2026-09-30 04:12:06,620 - INFO -   IPv6: True
2026-09-30 04:12:06,620 - INFO - Executing command: bgpq4 -6 -b -l define DOWNSTREAM_PREFIX_AS204539_IPV46 AS-AXIC
2026-09-30 04:12:07,294 - INFO - Saved to: /__w/BGP-Auto/BGP-Auto/output/stuix/filters/DOWNSTREAM_PREFIX_AS204539_IPV46.conf
2026-09-30 04:12:07,294 - INFO - 
Processing: DOWNSTREAM_PREFIX_AS140915
2026-09-30 04:12:07,294 - INFO -   AS Number: AS140915:AS-MKNT
2026-09-30 04:12:07,294 - INFO -   IPv6: True
2026-09-30 04:12:07,294 - INFO - Executing command: bgpq4 -6 -b -l define DOWNSTREAM_PREFIX_AS140915 AS140915:AS-MKNT
2026-09-30 04:12:07,930 - INFO - Saved to: /__w/BGP-Auto/BGP-Auto/output/stuix/filters/DOWNSTREAM_PREFIX_AS140915.conf
2026-09-30 04:12:07,930 - INFO - 
Processing: DOWNSTREAM_PREFIX_AS216299
2026-09-30 04:12:07,930 - INFO -   AS Number: AS216299
2026-09-30 04:12:07,930 - INFO -   IPv6: True
2026-09-30 04:12:07,930 - INFO - Executing command: bgpq4 -6 -b -l define DOWNSTREAM_PREFIX_AS216299 AS216299
2026-09-30 04:12:08,370 - INFO - Saved to: /__w/BGP-Auto/BGP-Auto/output/stuix/filters/DOWNSTREAM_PREFIX_AS216299.conf
2026-09-30 04:12:08,370 - INFO - 
Processing: DOWNSTREAM_PREFIX_AS154185
2026-09-30 04:12:08,370 - INFO -   AS Number: AS154185
2026-09-30 04:12:08,370 - INFO -   IPv6: True
2026-09-30 04:12:08,370 - INFO - Executing command: bgpq4 -6 -b -l define DOWNSTREAM_PREFIX_AS154185 AS154185
2026-09-30 04:12:08,791 - INFO - Saved to: /__w/BGP-Auto/BGP-Auto/output/stuix/filters/DOWNSTREAM_PREFIX_AS154185.conf
2026-09-30 04:12:08,791 - INFO - 
Processing: DOWNSTREAM_PREFIX_AS208223_IPV4
2026-09-30 04:12:08,791 - INFO -   AS Number: AS208223:AS-ALL
2026-09-30 04:12:08,791 - INFO -   IPv6: False
2026-09-30 04:12:08,792 - INFO - Executing command: bgpq4 -b -l define DOWNSTREAM_PREFIX_AS208223_IPV4 AS208223:AS-ALL
2026-09-30 04:12:09,273 - INFO - Saved to: /__w/BGP-Auto/BGP-Auto/output/stuix/filters/DOWNSTREAM_PREFIX_AS208223_IPV4.conf
2026-09-30 04:12:09,273 - INFO - 
Processing: DOWNSTREAM_PREFIX_AS199794
2026-09-30 04:12:09,273 - INFO -   AS Number: AS199794
2026-09-30 04:12:09,273 - INFO -   IPv6: True
2026-09-30 04:12:09,273 - INFO - Executing command: bgpq4 -6 -b -l define DOWNSTREAM_PREFIX_AS199794 AS199794
2026-09-30 04:12:09,713 - INFO - Saved to: /__w/BGP-Auto/BGP-Auto/output/stuix/filters/DOWNSTREAM_PREFIX_AS199794.conf
2026-09-30 04:12:09,713 - INFO - 
Processing: DOWNSTREAM_PREFIX_AS197817
2026-09-30 04:12:09,713 - INFO -   AS Number: AS197817
2026-09-30 04:12:09,713 - INFO -   IPv6: True
2026-09-30 04:12:09,713 - INFO - Executing command: bgpq4 -6 -b -l define DOWNSTREAM_PREFIX_AS197817 AS197817
2026-09-30 04:12:10,150 - INFO - Saved to: /__w/BGP-Auto/BGP-Auto/output/stuix/filters/DOWNSTREAM_PREFIX_AS197817.conf
2026-09-30 04:12:10,150 - INFO - 
Merging 13 file(s)...
2026-09-30 04:12:10,151 - INFO - Merged to: /__w/BGP-Auto/BGP-Auto/output/stuix/filtersprefix.conf
2026-09-30 04:12:10,151 - INFO - ✓ Config file stuix.toml processed successfully
2026-09-30 04:12:10,151 - INFO - 
Generating HTML report...
2026-09-30 04:12:10,154 - INFO - HTML detail page saved to: /__w/BGP-Auto/BGP-Auto/html/stuix_detail.html
2026-09-30 04:12:10,155 - INFO - 
Generating route change diffs...
2026-09-30 04:12:10,169 - WARNING - Failed to get git history for /__w/BGP-Auto/BGP-Auto/output/stuix/filters/DOWNSTREAM_PREFIX_AS215172.conf: Command '['git', 'log', '-5', '--pretty=format:%H|%ai|%an|%s', '--', 'output/stuix/filters/DOWNSTREAM_PREFIX_AS215172.conf']' returned non-zero exit status 128.
2026-09-30 04:12:10,174 - WARNING - Failed to get git history for /__w/BGP-Auto/BGP-Auto/output/stuix/filters/DOWNSTREAM_PREFIX_AS215172_IPV4.conf: Command '['git', 'log', '-5', '--pretty=format:%H|%ai|%an|%s', '--', 'output/stuix/filters/DOWNSTREAM_PREFIX_AS215172_IPV4.conf']' returned non-zero exit status 128.
2026-09-30 04:12:10,176 - WARNING - Failed to get git history for /__w/BGP-Auto/BGP-Auto/output/stuix/filters/DOWNSTREAM_PREFIX_AS211729.conf: Command '['git', 'log', '-5', '--pretty=format:%H|%ai|%an|%s', '--', 'output/stuix/filters/DOWNSTREAM_PREFIX_AS211729.conf']' returned non-zero exit status 128.
2026-09-30 04:12:10,179 - WARNING - Failed to get git history for /__w/BGP-Auto/BGP-Auto/output/stuix/filters/DOWNSTREAM_PREFIX_AS12198.conf: Command '['git', 'log', '-5', '--pretty=format:%H|%ai|%an|%s', '--', 'output/stuix/filters/DOWNSTREAM_PREFIX_AS12198.conf']' returned non-zero exit status 128.
2026-09-30 04:12:10,181 - WARNING - Failed to get git history for /__w/BGP-Auto/BGP-Auto/output/stuix/filters/DOWNSTREAM_PREFIX_AS210352.conf: Command '['git', 'log', '-5', '--pretty=format:%H|%ai|%an|%s', '--', 'output/stuix/filters/DOWNSTREAM_PREFIX_AS210352.conf']' returned non-zero exit status 128.
2026-09-30 04:12:10,185 - WARNING - Failed to get git history for /__w/BGP-Auto/BGP-Auto/output/stuix/filters/DOWNSTREAM_PREFIX_AS204539_IPV4.conf: Command '['git', 'log', '-5', '--pretty=format:%H|%ai|%an|%s', '--', 'output/stuix/filters/DOWNSTREAM_PREFIX_AS204539_IPV4.conf']' returned non-zero exit status 128.
2026-09-30 04:12:10,196 - WARNING - Failed to get git history for /__w/BGP-Auto/BGP-Auto/output/stuix/filters/DOWNSTREAM_PREFIX_AS204539_IPV46.conf: Command '['git', 'log', '-5', '--pretty=format:%H|%ai|%an|%s', '--', 'output/stuix/filters/DOWNSTREAM_PREFIX_AS204539_IPV46.conf']' returned non-zero exit status 128.
2026-09-30 04:12:10,203 - WARNING - Failed to get git history for /__w/BGP-Auto/BGP-Auto/output/stuix/filters/DOWNSTREAM_PREFIX_AS140915.conf: Command '['git', 'log', '-5', '--pretty=format:%H|%ai|%an|%s', '--', 'output/stuix/filters/DOWNSTREAM_PREFIX_AS140915.conf']' returned non-zero exit status 128.
2026-09-30 04:12:10,206 - WARNING - Failed to get git history for /__w/BGP-Auto/BGP-Auto/output/stuix/filters/DOWNSTREAM_PREFIX_AS216299.conf: Command '['git', 'log', '-5', '--pretty=format:%H|%ai|%an|%s', '--', 'output/stuix/filters/DOWNSTREAM_PREFIX_AS216299.conf']' returned non-zero exit status 128.
2026-09-30 04:12:10,208 - WARNING - Failed to get git history for /__w/BGP-Auto/BGP-Auto/output/stuix/filters/DOWNSTREAM_PREFIX_AS154185.conf: Command '['git', 'log', '-5', '--pretty=format:%H|%ai|%an|%s', '--', 'output/stuix/filters/DOWNSTREAM_PREFIX_AS154185.conf']' returned non-zero exit status 128.
2026-09-30 04:12:10,210 - WARNING - Failed to get git history for /__w/BGP-Auto/BGP-Auto/output/stuix/filters/DOWNSTREAM_PREFIX_AS208223_IPV4.conf: Command '['git', 'log', '-5', '--pretty=format:%H|%ai|%an|%s', '--', 'output/stuix/filters/DOWNSTREAM_PREFIX_AS208223_IPV4.conf']' returned non-zero exit status 128.
2026-09-30 04:12:10,213 - WARNING - Failed to get git history for /__w/BGP-Auto/BGP-Auto/output/stuix/filters/DOWNSTREAM_PREFIX_AS199794.conf: Command '['git', 'log', '-5', '--pretty=format:%H|%ai|%an|%s', '--', 'output/stuix/filters/DOWNSTREAM_PREFIX_AS199794.conf']' returned non-zero exit status 128.
2026-09-30 04:12:10,215 - WARNING - Failed to get git history for /__w/BGP-Auto/BGP-Auto/output/stuix/filters/DOWNSTREAM_PREFIX_AS197817.conf: Command '['git', 'log', '-5', '--pretty=format:%H|%ai|%an|%s', '--', 'output/stuix/filters/DOWNSTREAM_PREFIX_AS197817.conf']' returned non-zero exit status 128.
2026-09-30 04:12:10,245 - WARNING - Failed to get git history for /__w/BGP-Auto/BGP-Auto/output/stuix/filtersprefix.conf: Command '['git', 'log', '-5', '--pretty=format:%H|%ai|%an|%s', '--', 'output/stuix/filtersprefix.conf']' returned non-zero exit status 128.
2026-09-30 04:12:10,246 - INFO - No git history found for stuix, skipping diff generation
2026-09-30 04:12:10,246 - INFO - 
Generating main index page...
2026-09-30 04:12:10,246 - INFO - Main index saved to: /__w/BGP-Auto/BGP-Auto/html/index.html
